[www.hxxxp.com/index.html]
[backblue.gif]
[fade.gif]
[index.html]
[www.hxxxp.com/wp-includes/css/dist/block-library/style.min40df.css]
[www.hxxxp.com/wp-content/plugins/contact-form-7/includes/css/styles9dff.css]
[www.hxxxp.com/wp-content/plugins/contact-form-7-add-confirm/includes/css/stylesc721.css]
[www.hxxxp.com/wp-includes/js/jquery/jquery.min9d52.js]
[www.hxxxp.com/wp-includes/js/jquery/jquery-migrate.mind617.js]
[www.hxxxp.com/xmlrpc0db0.php]
[www.hxxxp.com/wp-includes/wlwmanifest.xml]
[www.hxxxp.com/wp-json/index.html]
[www.hxxxp.com/wp-content/themes/HodgePodge_2020-1027/assets/img/common/icon/favicon.ico]
[www.hxxxp.com/wp-content/themes/HodgePodge_2020-1027/assets/img/common/icon/webclip.png]
[www.hxxxp.com/wp-content/themes/HodgePodge_2020-1027/assets/css/normalize.css]
[www.hxxxp.com/feed/index.html]
[www.hxxxp.com/wp-content/themes/HodgePodge_2020-1027/assets/css/common9632.css]
[www.hxxxp.com/wp-content/themes/HodgePodge_2020-1027/assets/css/adjustcb18.css]
[www.hxxxp.com/wp-content/themes/HodgePodge_2020-1027/assets/css/loading.css]
[fast.fonts.net/jsapi/738fa035-2ed6-4967-a449-7f1959864dce.js]
[use.fontawesome.com/releases/v5.4.1/css/all.css]
[www.hxxxp.com/wp-content/themes/HodgePodge_2020-1027/assets/img/common/title.svg]
[www.hxxxp.com/about/index.html]
[www.hxxxp.com/blog/index.html]
[www.hxxxp.com/service/index.html]
[www.hxxxp.com/service/shop/index.html]
[www.hxxxp.com/service/stay/index.html]
[www.hxxxp.com/service/rental/index.html]
[www.hxxxp.com/service/mtb/index.html]
[www.hxxxp.com/shopinfo/index.html]
[www.hxxxp.com/brand/index.html]
[www.hxxxp.com/contact/index.html]
[www.hxxxp.com/wp-content/plugins/contact-form-7/includes/js/scripts9dff.js]
[www.hxxxp.com/wp-includes/js/jquery/jquery.form.min50fa.js]
[www.hxxxp.com/wp-content/plugins/contact-form-7-add-confirm/includes/js/scriptsc721.js]
[www.hxxxp.com/brand/surly-2/index.html]
[www.hxxxp.com/wp-includes/js/wp-embed.min40df.js]
[www.hxxxp.com/wp-content/themes/HodgePodge_2020-1027/assets/img/common/titleW.svg]
[ajax.googleapis.com/ajax/libs/jquery/3.3.1/jquery.min.js]
[www.hxxxp.com/brand/salsa-2/index.html]
[cdnjs.cloudflare.com/ajax/libs/jquery-easing/1.3/jquery.easing.min.js]
[www.hxxxp.com/brand/fairdale/index.html]
[www.hxxxp.com/wp-content/themes/HodgePodge_2020-1027/assets/js/jquery.inview.min.js]
[www.hxxxp.com/brand/all-city-2/index.html]
[www.hxxxp.com/brand/chris-king/index.html]
[www.hxxxp.com/wp-content/themes/HodgePodge_2020-1027/assets/js/lazyload/lazysizes.min.js]
[www.hxxxp.com/brand/surly-3/index.html]
[www.hxxxp.com/brand/surly/index.html]
[www.hxxxp.com/wp-content/themes/HodgePodge_2020-1027/assets/js/lazyload/ls.unveilhooks.min.js]
[www.hxxxp.com/wp-content/themes/HodgePodge_2020-1027/assets/js/common20df.js]
[www.hxxxp.com/wp-content/themes/HodgePodge_2020-1027/assets/js/sp.js]
[www.hxxxp.com/blog/blog-285/index.html]
[www.hxxxp.com/wp-content/themes/HodgePodge_2020-1027/assets/js/slick/slick.js]
[www.hxxxp.com/wp-content/themes/HodgePodge_2020-1027/assets/js/slick/slick.css]
[www.hxxxp.com/wp-content/themes/HodgePodge_2020-1027/assets/js/pace/pace.min.js]
[www.hxxxp.com/wp-content/themes/HodgePodge_2020-1027/assets/js/pace/pace-support.js]
[cdnjs.cloudflare.com/ajax/libs/lightbox2/2.11.1/css/lightbox.min.css]
[www.hxxxp.com/blog_cat/news/index.html]
[www.hxxxp.com/blog/blog-282/index.html]
[www.hxxxp.com/blog/blog-249/index.html]
[www.hxxxp.com/blog/blog-245/index.html]
[cdnjs.cloudflare.com/ajax/libs/lightbox2/2.11.1/js/lightbox.min.js]
[www.hxxxp.com/index.html]
[www.hxxxp.com/blog/blog-220/index.html]
[www.hxxxp.com/blog/blog-171/index.html]
[www.hxxxp.com/wp-includes/css/dist/block-library/style.min40df.css]
[www.hxxxp.com/blog/blog-167/index.html]
[www.hxxxp.com/blog/blog-239/index.html]
[www.hxxxp.com/blog_cat/stories/index.html]
[www.hxxxp.com/blog_cat/guideline/index.html]
[www.hxxxp.com/wp-content/plugins/contact-form-7/assets/ajax-loader.gif]
[www.hxxxp.com/wp-content/plugins/contact-form-7/includes/css/styles9dff.css]
[www.hxxxp.com/wp-content/plugins/contact-form-7-add-confirm/includes/css/stylesc721.css]
[www.hxxxp.com/wp-content/themes/HodgePodge_2020-1027/assets/css/normalize.css]
[www.hxxxp.com/wp-content/themes/HodgePodge_2020-1027/assets/img/common/window.svg]
[www.hxxxp.com/wp-content/themes/HodgePodge_2020-1027/assets/img/common/windowW.svg]
[www.hxxxp.com/wp-content/themes/HodgePodge_2020-1027/assets/img/humb/common.jpg]
[www.hxxxp.com/wp-content/themes/HodgePodge_2020-1027/assets/img/humb/home.jpg]
[www.hxxxp.com/wp-content/themes/HodgePodge_2020-1027/assets/img/humb/service.jpg]
[www.hxxxp.com/wp-content/themes/HodgePodge_2020-1027/assets/img/humb/service_top.jpg]
[www.hxxxp.com/wp-content/themes/HodgePodge_2020-1027/assets/img/humb/shop.jpg]
[www.hxxxp.com/wp-content/themes/HodgePodge_2020-1027/assets/img/humb/stay.jpg]
[www.hxxxp.com/wp-content/themes/HodgePodge_2020-1027/assets/img/humb/rental.jpg]
[www.hxxxp.com/wp-content/themes/HodgePodge_2020-1027/assets/img/humb/mtb.jpg]
[www.hxxxp.com/wp-content/themes/HodgePodge_2020-1027/assets/img/humb/about.jpg]
[www.hxxxp.com/wp-content/themes/HodgePodge_2020-1027/assets/img/humb/blog.jpg]
[www.hxxxp.com/wp-content/themes/HodgePodge_2020-1027/assets/img/humb/shopinfo.jpg]
[www.hxxxp.com/wp-content/themes/HodgePodge_2020-1027/assets/img/humb/brand.jpg]
[www.hxxxp.com/wp-content/themes/HodgePodge_2020-1027/assets/img/humb/contact.jpg]
[www.hxxxp.com/wp-content/themes/HodgePodge_2020-1027/assets/img/humb/store.jpg]
[www.hxxxp.com/wp-content/themes/HodgePodge_2020-1027/assets/img/service/service_shop.jpg]
[www.hxxxp.com/wp-content/themes/HodgePodge_2020-1027/assets/img/service/service_stay.jpg]
[www.hxxxp.com/wp-content/themes/HodgePodge_2020-1027/assets/img/service/service_rental.jpg]
[www.hxxxp.com/wp-content/themes/HodgePodge_2020-1027/assets/img/service/service_mtb.jpg]
[www.hxxxp.com/wp-content/themes/HodgePodge_2020-1027/assets/img/index/fv/top_03.jpg]
[www.hxxxp.com/wp-content/themes/HodgePodge_2020-1027/assets/img/index/fv/top_02.jpg]
[www.hxxxp.com/wp-content/themes/HodgePodge_2020-1027/assets/img/index/fv/top_01.jpg]
[www.hxxxp.com/wp-content/themes/HodgePodge_2020-1027/assets/img/about/about_01.jpg]
[www.hxxxp.com/wp-content/themes/HodgePodge_2020-1027/assets/img/about/about_03.jpg]
[www.hxxxp.com/wp-content/themes/HodgePodge_2020-1027/assets/img/about/about_02.jpg]
[www.hxxxp.com/wp-content/themes/HodgePodge_2020-1027/assets/img/owner/owner_01.jpg]
[www.hxxxp.com/wp-content/themes/HodgePodge_2020-1027/assets/img/owner/owner_02.jpg]
[www.hxxxp.com/wp-content/themes/HodgePodge_2020-1027/assets/img/village/village_02.jpg]
[www.hxxxp.com/wp-content/themes/HodgePodge_2020-1027/assets/img/owner/owner_03.jpg]
[www.hxxxp.com/wp-content/themes/HodgePodge_2020-1027/assets/img/village/village_03.jpg]
[www.hxxxp.com/wp-content/themes/HodgePodge_2020-1027/assets/img/village/village_01.jpg]
[www.hxxxp.com/wp-content/themes/HodgePodge_2020-1027/assets/img/shop/shop_01.jpg]
[www.hxxxp.com/wp-content/themes/HodgePodge_2020-1027/assets/img/shop/shop_03.jpg]
[www.hxxxp.com/wp-content/themes/HodgePodge_2020-1027/assets/img/stay/stay_04.jpg]
[www.hxxxp.com/wp-content/themes/HodgePodge_2020-1027/assets/img/stay/stay_02.jpg]
[www.hxxxp.com/wp-content/themes/HodgePodge_2020-1027/assets/img/stay/stay_01.jpg]
[www.hxxxp.com/wp-content/themes/HodgePodge_2020-1027/assets/img/shop/shop_02.jpg]
[www.hxxxp.com/wp-content/themes/HodgePodge_2020-1027/assets/img/rental/rental_02.jpg]
[www.hxxxp.com/wp-content/themes/HodgePodge_2020-1027/assets/img/rental/rental_01.jpg]
[www.hxxxp.com/wp-content/themes/HodgePodge_2020-1027/assets/img/rental/rental_03.jpg]
[www.hxxxp.com/wp-content/themes/HodgePodge_2020-1027/assets/img/mtb/mtb_01.jpg]
[www.hxxxp.com/wp-content/themes/HodgePodge_2020-1027/assets/img/mtb/mtb_02.jpg]
[www.hxxxp.com/wp-content/themes/HodgePodge_2020-1027/assets/img/mtb/mtb_03.jpg]
[www.hxxxp.com/wp-content/themes/HodgePodge_2020-1027/assets/img/about/rand/about_rand_01.jpg]
[www.hxxxp.com/wp-content/themes/HodgePodge_2020-1027/assets/img/about/rand/about_rand_02.jpg]
[www.hxxxp.com/wp-content/themes/HodgePodge_2020-1027/assets/img/village/rand/village_rand_01.jpg]
[www.hxxxp.com/wp-content/themes/HodgePodge_2020-1027/assets/img/village/rand/village_rand_02.jpg]
[www.hxxxp.com/wp-content/themes/HodgePodge_2020-1027/assets/img/about/menu/about_top.jpg]
[www.hxxxp.com/wp-content/themes/HodgePodge_2020-1027/assets/img/about/menu/about_owner.jpg]
[www.hxxxp.com/wp-content/themes/HodgePodge_2020-1027/assets/img/about/menu/about_village.jpg]
[www.hxxxp.com/wp-content/themes/HodgePodge_2020-1027/assets/img/shop/gallery/gallery_01.jpg]
[www.hxxxp.com/wp-content/themes/HodgePodge_2020-1027/assets/img/shop/gallery/gallery_02.jpg]
[www.hxxxp.com/wp-content/themes/HodgePodge_2020-1027/assets/img/shop/gallery/gallery_03.jpg]
[www.hxxxp.com/wp-content/themes/HodgePodge_2020-1027/assets/img/shop/gallery/gallery_04.jpg]
[www.hxxxp.com/wp-content/themes/HodgePodge_2020-1027/assets/img/shop/gallery/gallery_05.jpg]
[www.hxxxp.com/wp-content/themes/HodgePodge_2020-1027/assets/img/shop/gallery/gallery_06.jpg]
[www.hxxxp.com/wp-content/themes/HodgePodge_2020-1027/assets/img/shop/gallery/gallery_07.jpg]
[www.hxxxp.com/wp-content/themes/HodgePodge_2020-1027/assets/img/shop/gallery/gallery_08.jpg]
[www.hxxxp.com/wp-content/themes/HodgePodge_2020-1027/assets/img/shop/gallery/gallery_09.jpg]
[www.hxxxp.com/wp-content/themes/HodgePodge_2020-1027/assets/img/shop/gallery/gallery_10.jpg]
[www.hxxxp.com/wp-content/themes/HodgePodge_2020-1027/assets/css/common9632.css]
[www.hxxxp.com/wp-content/themes/HodgePodge_2020-1027/assets/css/adjustcb18.css]
[www.hxxxp.com/wp-content/themes/HodgePodge_2020-1027/assets/css/loading.css]
[use.fontawesome.com/releases/v5.4.1/css/all.css]
[ajax.googleapis.com/ajax/libs/jquery/3.6.1/jquery.min.html]
[www.hxxxp.com/wp-content/themes/HodgePodge_2020-1027/assets/img/common/title.svg]
[www.hxxxp.com/wp-content/themes/HodgePodge_2020-1027/assets/img/shop/gallery/gallery_11.jpg]
[www.hxxxp.com/wp-json/wp/v2/pages/2.json]
[www.hxxxp.com/wp-json/oembed/1.0/embed89a7.json]
[www.hxxxp.com/wp-json/oembed/1.0/embed1398]
[www.hxxxp.com/about/index.html]
[www.hxxxp.com/about/owner/index.html]
[www.hxxxp.com/about/village/index.html]
[www.hxxxp.com/blog/feed/index.html]
[www.hxxxp.com/wp-content/uploads/2021/01/IMG20201224110445-scaled.jpg]
[www.hxxxp.com/wp-content/uploads/2020/11/og.jpg]
[www.hxxxp.com/wp-content/uploads/2020/11/IMG20201115162212-scaled.jpg]
[www.hxxxp.com/wp-content/uploads/2020/12/IMG20201213154226-scaled.jpg]
[www.hxxxp.com/wp-content/uploads/2020/11/20201109.jpg]
[www.hxxxp.com/wp-content/uploads/2020/10/logo.jpg]
[www.hxxxp.com/wp-content/uploads/2020/11/-16-e1604980568588.png]
[www.hxxxp.com/wp-content/uploads/2020/10/received_646461859387317.jpg]
[www.hxxxp.com/wp-content/uploads/2020/10/20201029.jpg]
[www.hxxxp.com/wp-content/uploads/2020/11/guideline.jpg]
[www.hxxxp.com/blog/index.html]
[www.hxxxp.com/wp-content/uploads/2020/11/繝ｬ繧ｿ繝・メ貂・_08A7655-scaled.jpg]
[www.hxxxp.com/blog/blog-169/index.html]
[www.hxxxp.com/wp-json/wp/v2/pages/71.json]
[www.hxxxp.com/wp-json/oembed/1.0/embed1ea2.json]
[www.hxxxp.com/wp-json/oembed/1.0/embed8ca2]
[www.hxxxp.com/service/index.html]
[www.hxxxp.com/wp-json/wp/v2/pages/73.json]
[www.hxxxp.com/wp-json/oembed/1.0/embed5092.json]
[www.hxxxp.com/wp-json/oembed/1.0/embed08e1]
[www.hxxxp.com/service/shop/index.html]
[www.hxxxp.com/wp-json/wp/v2/pages/75.json]
[www.hxxxp.com/wp-json/oembed/1.0/embeda0b8.json]
[www.hxxxp.com/wp-json/oembed/1.0/embedd88e]
[www.hxxxp.com/service/stay/index.html]
[www.hxxxp.com/wp-json/wp/v2/pages/77.json]
[www.hxxxp.com/wp-json/oembed/1.0/embed4fc5.json]
[www.hxxxp.com/wp-json/oembed/1.0/embed4d69]
[www.hxxxp.com/service/rental/index.html]
[www.hxxxp.com/wp-json/wp/v2/pages/79.json]
[www.hxxxp.com/wp-json/oembed/1.0/embed4781.json]
[www.hxxxp.com/wp-json/oembed/1.0/embede33f]
[www.hxxxp.com/service/mtb/index.html]
[www.hxxxp.com/wp-json/wp/v2/pages/83.json]
[www.hxxxp.com/wp-json/oembed/1.0/embed0d90.json]
[www.hxxxp.com/wp-json/oembed/1.0/embedd65c]
[www.hxxxp.com/wp-content/themes/HodgePodge_2020-1027/assets/img/common/train.svg]
[www.hxxxp.com/wp-content/themes/HodgePodge_2020-1027/assets/img/common/shinkansen.svg]
[www.hxxxp.com/wp-content/themes/HodgePodge_2020-1027/assets/img/common/airport.svg]
[www.hxxxp.com/wp-content/themes/HodgePodge_2020-1027/assets/img/common/bus.svg]
[www.hxxxp.com/wp-content/themes/HodgePodge_2020-1027/assets/img/common/car.svg]
[www.hxxxp.com/shopinfo/index.html]
[www.hxxxp.com/brand/feed/index.html]
[www.hxxxp.com/brand/index.html]
[www.hxxxp.com/wp-json/wp/v2/pages/85.json]
[www.hxxxp.com/wp-json/oembed/1.0/embed023f.json]
[www.hxxxp.com/wp-json/oembed/1.0/embed733f]
[www.hxxxp.com/contact/index.html]
[www.hxxxp.com/wp-json/oembed/1.0/embedacd5.json]
[www.hxxxp.com/wp-json/oembed/1.0/embed2f8b]
[www.hxxxp.com/brand/surly-2/index.html]
[www.hxxxp.com/wp-content/uploads/2020/09/surly_main.jpg]
[www.hxxxp.com/wp-json/oembed/1.0/embed1d91.json]
[www.hxxxp.com/wp-json/oembed/1.0/embedb528]
[www.hxxxp.com/brand/salsa-2/index.html]
[www.hxxxp.com/wp-content/uploads/2020/09/salsa_main.jpg]
[www.hxxxp.com/wp-json/oembed/1.0/embed82fe.json]
[www.hxxxp.com/wp-json/oembed/1.0/embedb42c]
[www.hxxxp.com/brand/all-city-2/index.html]
[www.hxxxp.com/wp-content/uploads/2020/09/AC_main.jpg]
[www.hxxxp.com/wp-json/oembed/1.0/embed795e.json]
[www.hxxxp.com/wp-json/oembed/1.0/embed504d]
[www.hxxxp.com/brand/fairdale/index.html]
[www.hxxxp.com/wp-content/uploads/2020/09/fairdale_main.jpg]
[www.hxxxp.com/wp-json/oembed/1.0/embed99d3.json]
[www.hxxxp.com/wp-json/oembed/1.0/embed1a46]
[www.hxxxp.com/brand/chris-king/index.html]
[www.hxxxp.com/wp-content/uploads/2020/11/king_main-1.jpg]
[www.hxxxp.com/wp-json/oembed/1.0/embed8b12.json]
[www.hxxxp.com/wp-json/oembed/1.0/embede855]
[www.hxxxp.com/brand/surly/index.html]
[www.hxxxp.com/wp-content/uploads/2020/11/paul_main-2.jpg]
[www.hxxxp.com/wp-json/oembed/1.0/embed196e.json]
[www.hxxxp.com/wp-json/oembed/1.0/embed5286]
[www.hxxxp.com/brand/surly-3/index.html]
[www.hxxxp.com/wp-content/uploads/2020/11/phil_main-1.jpg]
[www.hxxxp.com/wp-json/oembed/1.0/embeda01d.json]
[www.hxxxp.com/wp-json/oembed/1.0/embed972b]
[www.hxxxp.com/blog/blog-285/index.html]
[www.hxxxp.com/wp-json/wp/v2/blog_cat/6.json]
[www.hxxxp.com/blog_cat/news/feed/index.html]
[www.hxxxp.com/blog_cat/news/index.html]
[www.hxxxp.com/wp-json/oembed/1.0/embed49a0.json]
[www.hxxxp.com/wp-json/oembed/1.0/embedc25e]
[www.hxxxp.com/blog/blog-282/index.html]
[www.hxxxp.com/wp-json/oembed/1.0/embeda31a.json]
[www.hxxxp.com/wp-json/oembed/1.0/embedd36c]
[www.hxxxp.com/wp-content/uploads/2020/11/IMG20201114162536-scaled.jpg]
[www.hxxxp.com/wp-content/uploads/2020/11/IMG20201117140032-scaled.jpg]
[www.hxxxp.com/wp-content/uploads/2020/11/IMG20201114162552-scaled.jpg]
[www.hxxxp.com/wp-content/uploads/2020/11/IMG20201117140000-scaled.jpg]
[www.hxxxp.com/wp-content/uploads/2020/11/IMG20201114162608-scaled.jpg]
[www.hxxxp.com/wp-content/uploads/2020/11/IMG20201117140011-scaled.jpg]
[www.hxxxp.com/wp-content/uploads/2020/11/IMG20201114162622-scaled.jpg]
[www.hxxxp.com/wp-content/uploads/2020/11/IMG20201117140023-scaled.jpg]
[www.hxxxp.com/wp-content/uploads/2020/11/IMG20201114162637-scaled.jpg]
[www.hxxxp.com/wp-content/uploads/2020/11/IMG20201117111637-scaled.jpg]
[www.hxxxp.com/wp-content/uploads/2020/11/IMG20201120163230-scaled.jpg]
[www.hxxxp.com/wp-content/uploads/2020/11/IMG20201120194440-scaled.jpg]
[www.hxxxp.com/blog/blog-249/index.html]
[www.hxxxp.com/wp-content/uploads/2020/11/IMG20201120194654-scaled.jpg]
[www.hxxxp.com/wp-json/oembed/1.0/embedb6f2.json]
[www.hxxxp.com/wp-json/oembed/1.0/embed4f60]
[www.hxxxp.com/wp-content/uploads/2020/11/IMG20201117164838-scaled.jpg]
[www.hxxxp.com/blog/blog-245/index.html]
[www.hxxxp.com/wp-content/uploads/2020/11/IMG_2310-scaled.jpg]
[www.hxxxp.com/wp-json/wp/v2/blog_cat/9.json]
[www.hxxxp.com/blog_cat/stories/feed/index.html]
[www.hxxxp.com/blog_cat/stories/index.html]
[www.hxxxp.com/wp-json/oembed/1.0/embed1173.json]
[www.hxxxp.com/wp-json/oembed/1.0/embed344d]
[www.hxxxp.com/blog/blog-239/index.html]
[www.hxxxp.com/wp-json/wp/v2/blog_cat/8.json]
[www.hxxxp.com/blog_cat/guideline/feed/index.html]
[www.hxxxp.com/blog_cat/guideline/index.html]
[www.hxxxp.com/wp-json/oembed/1.0/embed304b.json]
[www.hxxxp.com/wp-json/oembed/1.0/embed61e6]
[www.hxxxp.com/blog/blog-220/index.html]
[www.hxxxp.com/wp-json/oembed/1.0/embedeaca.json]
[www.hxxxp.com/wp-json/oembed/1.0/embedcef2]
[www.hxxxp.com/blog/blog-171/index.html]
[www.hxxxp.com/wp-json/oembed/1.0/embedbb74.json]
[www.hxxxp.com/wp-json/oembed/1.0/embedbac4]
[www.hxxxp.com/blog/blog-167/index.html]
[www.hxxxp.com/wp-content/themes/HodgePodge_2020-1027/assets/img/common/titleW.svg]
[www.hxxxp.com/wp-content/themes/HodgePodge_2020-1027/assets/js/slick/slick.css]
[cdnjs.cloudflare.com/ajax/libs/lightbox2/2.11.1/images/loading.gif]
[cdnjs.cloudflare.com/ajax/libs/lightbox2/2.11.1/css/lightbox.min.css]
[www.hxxxp.com/wp-content/themes/HodgePodge_2020-1027/assets/img/common/window.svg]
[www.hxxxp.com/wp-content/themes/HodgePodge_2020-1027/assets/img/common/windowW.svg]
[www.hxxxp.com/index905b.html]
[www.hxxxp.com/wp-json/wp/v2/pages/67.json]
[www.hxxxp.com/wp-json/oembed/1.0/embed5ebf.json]
[www.hxxxp.com/wp-json/oembed/1.0/embed2745]
[www.hxxxp.com/about/owner/index.html]
[www.hxxxp.com/wp-json/wp/v2/pages/69.json]
[www.hxxxp.com/wp-json/oembed/1.0/embed1ef0.json]
[www.hxxxp.com/wp-json/oembed/1.0/embedef75]
[www.hxxxp.com/about/village/index.html]
[www.hxxxp.com/wp-json/oembed/1.0/embedd806.json]
[www.hxxxp.com/wp-json/oembed/1.0/embed1d52]
[www.hxxxp.com/blog/blog-169/index.html]
[www.hxxxp.com/index6cf3.html]
[www.hxxxp.com/index8cae.html]
[www.hxxxp.com/indexe839.html]
[www.hxxxp.com/indexb135.html]
[www.hxxxp.com/index6ffe.html]
[www.hxxxp.com/index55e4.html]
[www.hxxxp.com/wp-content/themes/HodgePodge_2020-1027/assets/img/common/train.svg]
[www.hxxxp.com/wp-content/themes/HodgePodge_2020-1027/assets/img/common/shinkansen.svg]
[www.hxxxp.com/wp-content/themes/HodgePodge_2020-1027/assets/img/common/airport.svg]
[www.hxxxp.com/wp-content/themes/HodgePodge_2020-1027/assets/img/common/bus.svg]
[www.hxxxp.com/wp-content/themes/HodgePodge_2020-1027/assets/img/common/car.svg]
[www.hxxxp.com/index648c.html]
[www.hxxxp.com/index0012.html]
[www.hxxxp.com/index6aed.html]
[www.hxxxp.com/index5eda.html]
[www.hxxxp.com/indexcb30.html]
[www.hxxxp.com/index905c.html]
[www.hxxxp.com/indexa09e.html]
[www.hxxxp.com/index3440.html]
[www.hxxxp.com/indexd0b8.html]
[www.hxxxp.com/indexa8da.html]
[www.hxxxp.com/index1a93.html]
[www.hxxxp.com/indexe1a1.html]
[www.hxxxp.com/index1639.html]
[www.hxxxp.com/index156c.html]
[www.hxxxp.com/indexa828.html]
[www.hxxxp.com/index3350.html]
[www.hxxxp.com/index96f1.html]
[www.hxxxp.com/indexe2dc.html]
[www.hxxxp.com/indexff23.html]
[www.hxxxp.com/wp-content/uploads/2020/10/IMG20201006195331-scaled.jpg]
